// Jest Snapshot v1, https://goo.gl/fbAQLP

exports[`<CardPost /> should match snapshot 1`] = `
<div>
  3
</div>
`;
